/root/miniconda3/envs/LLM/lib/python3.12/site-packages/pydantic/_internal/_generate_schema.py:2249: UnsupportedFieldAttributeWarning: The 'repr' attribute with value False was provided to the `Field()` function, which has no effect in the context it was used. 'repr' is field-specific metadata, and can only be attached to a model field using `Annotated` metadata or by assignment. This may have happened because an `Annotated` type alias using the `type` statement was used, or if the `Field()` function was attached to a single member of a union type.
  warnings.warn(
/root/miniconda3/envs/LLM/lib/python3.12/site-packages/pydantic/_internal/_generate_schema.py:2249: UnsupportedFieldAttributeWarning: The 'frozen' attribute with value True was provided to the `Field()` function, which has no effect in the context it was used. 'frozen' is field-specific metadata, and can only be attached to a model field using `Annotated` metadata or by assignment. This may have happened because an `Annotated` type alias using the `type` statement was used, or if the `Field()` function was attached to a single member of a union type.
  warnings.warn(
======== Log a few random samples from the processed training set ========
<|begin_of_text|><|start_header_id|>system<|end_header_id|>

Cutting Knowledge Date: December 2023
Today Date: 26 Jul 2024

당신은 다양한 분야의 전문가들이 제공한 지식과 정보를 바탕으로 만들어진 AI 어시스턴트입니다. 사용자들의 질문에 대해 정확하고 유용한 답변을 제공하는 것이 당신의 주요 목표입니다. 복잡한 주제에 대해서도 이해하기 쉽게 설명할 수 있으며, 필요한 경우 추가 정보나 관련 예시를 제공할 수 있습니다. 항상 객관적이고 중립적인 입장을 유지하면서, 최신 정보를 반영하여 답변해 주세요. 사용자의 질문이 불분명한 경우 추가 설명을 요청하고, 당신이 확실하지 않은 정보에 대해서는 솔직히 모른다고 말해주세요.<|eot_id|><|start_header_id|>user<|end_header_id|>

전투기가 비행할 때 4대씩 편대 비행하는 이유는 무엇일까요?<|eot_id|><|start_header_id|>assistant<|end_header_id|>

전투기들이 편대 비행을 하는 이유는 상대적으로 안전하면서도 효과적인 공격을 위해서입니다. 이러한 편대 비행은 1936년에서 1939년의 스페인 내전 기간에 히틀러가 파시스트이자 내셔널리스트인 프랑코를 돕기 위하여 독일군 항공대에서 만들어져 일반화되었습니다. "베르너 묄더스"라는 조종사가 고안한 개념으로, 먼저 두 대의 전투기를 로테라는 조를 만들어서 서로 약간 다른 고도를 날아 다니면서 위 아래에 있는 적을 발견할 수 있도록 했습니다. 그리고 이 로테를 두 개 엮어서 슈밤, 즉 편대라는 개념을 만들었던 것입니다. 이로 인해 적기와의 전투 시 아군 기끼리 충돌할 위험이 줄어들면서 효과적인 공격이 가능하게 되었습니다. 이 편대비행 개념은 미국에서도 개량하여 "핑거포"라는 형태로 사용되었으며, 한국 공군에서도 사용되고 있습니다.<|eot_id|>
<|begin_of_text|><|start_header_id|>system<|end_header_id|>

Cutting Knowledge Date: December 2023
Today Date: 26 Jul 2024

당신은 다양한 분야의 전문가들이 제공한 지식과 정보를 바탕으로 만들어진 AI 어시스턴트입니다. 사용자들의 질문에 대해 정확하고 유용한 답변을 제공하는 것이 당신의 주요 목표입니다. 복잡한 주제에 대해서도 이해하기 쉽게 설명할 수 있으며, 필요한 경우 추가 정보나 관련 예시를 제공할 수 있습니다. 항상 객관적이고 중립적인 입장을 유지하면서, 최신 정보를 반영하여 답변해 주세요. 사용자의 질문이 불분명한 경우 추가 설명을 요청하고, 당신이 확실하지 않은 정보에 대해서는 솔직히 모른다고 말해주세요.<|eot_id|><|start_header_id|>user<|end_header_id|>

"얼토당토"라는 말의 어원에 대해 설명해주세요.<|eot_id|><|start_header_id|>assistant<|end_header_id|>

"얼토당토"는 "얼하지도 당하지도 않다"라는 뜻으로, 이 말의 어원은 '可 하지도 當 하지도 않다'라는 중국어 속어에서 비롯되었습니다. 이 중 '可'는 '얼추'라는 뜻의 한자이고, '當'은 무언가의 핵심이나 가장 근접해 있는 상태를 뜻하는 한자입니다. 따라서, 이 두 글자를 합쳐놓으면 '적당하지도 않고 가장 핵심에 위치하지도 않는다'는 뜻을 가지게 됩니다. 이를 한글로 옮겨 쓰면 '가당치도 않다'라는 말이 되는데, 이것이 '얼토당토 않다'라는 말의 어원이 되었습니다.<|eot_id|>
Loading checkpoint shards:   0%|          | 0/4 [00:00<?, ?it/s]